---
source: crates/ember-cli/tests/diagnostics.rs
expression: rendered
---
[E0414] Error: type does not match its annotation
   ╭─[type_mismatch:1:8]
   │
 1 │ let x: Int = "not an int";
   │        ─┬─   ──────┬─────  
   │         ╰────────────────── annotated as `Int`
   │                    │       
   │                    ╰─────── but this has type `String`
───╯
