---
source: crates/ember-cli/tests/snapshots_disasm.rs
expression: disasm
---
== shadowing ==
0000    0 OP_NIL
0001    8 OP_CONSTANT 0 (Int(1))
0004    0 OP_SET_LOCAL slot=8
0006    0 OP_POP
0007    0 OP_GET_LOCAL slot=8
0009    0 OP_DEFINE_GLOBAL(1) "x"
0012   11 OP_NIL
0013   25 OP_NIL
0014   33 OP_GET_LOCAL slot=8
0016   37 OP_CONSTANT 0 (Int(1))
0019   33 OP_ADD
0020   25 OP_SET_LOCAL slot=10
0022   25 OP_POP
0023   44 OP_NIL
0024   52 OP_GET_LOCAL slot=10
0026   56 OP_CONSTANT 2 (Int(10))
0029   52 OP_MUL
0030   44 OP_SET_LOCAL slot=11
0032   44 OP_POP
0033   64 OP_GET_LOCAL slot=11
0035   19 OP_SET_LOCAL slot=10
0037   19 OP_POP
0038   19 OP_POP
0039   11 OP_SET_LOCAL slot=9
0041   11 OP_POP
0042   11 OP_GET_LOCAL slot=9
0044   11 OP_DEFINE_GLOBAL(3) "y"
0047   69 OP_GET_LOCAL slot=8
0049   73 OP_GET_LOCAL slot=9
0051   69 OP_ADD
0052    0 OP_RETURN
