---
source: crates/ember-cli/tests/snapshots_disasm.rs
expression: disasm
---
== list_and_for ==
0000    0 OP_NIL
0001   10 OP_CONSTANT 0 (Int(1))
0004   13 OP_CONSTANT 1 (Int(2))
0007   16 OP_CONSTANT 2 (Int(3))
0010   19 OP_CONSTANT 3 (Int(4))
0013   22 OP_CONSTANT 4 (Int(5))
0016    9 OP_MAKE_LIST count=5
0019    0 OP_SET_LOCAL slot=8
0021    0 OP_POP
0022    0 OP_GET_LOCAL slot=8
0024    0 OP_DEFINE_GLOBAL(5) "xs"
0027   26 OP_NIL
0028   42 OP_CONSTANT 6 (Int(0))
0031   26 OP_SET_LOCAL slot=9
0033   26 OP_POP
0034   26 OP_GET_LOCAL slot=9
0036   26 OP_DEFINE_GLOBAL(7) "total"
0039   54 OP_GET_LOCAL slot=8
0041   45 OP_CONSTANT 6 (Int(0))
0044   45 OP_NIL
0045   45 OP_GET_LOCAL slot=11
0047   45 OP_GET_GLOBAL(8) "len"
0050   45 OP_GET_LOCAL slot=10
0052   45 OP_CALL argc=1
0054   45 OP_LESS
0055   45 OP_JUMP_IF_FALSE -> 0088
0058   45 OP_GET_LOCAL slot=10
0060   45 OP_GET_LOCAL slot=11
0062   45 OP_GET_INDEX
0063   45 OP_SET_LOCAL slot=12
0065   45 OP_POP
0066   67 OP_GET_LOCAL slot=9
0068   75 OP_GET_LOCAL slot=12
0070   67 OP_ADD
0071   59 OP_SET_LOCAL slot=9
0073   59 OP_POP
0074   57 OP_NIL
0075   45 OP_POP
0076   45 OP_GET_LOCAL slot=11
0078   45 OP_CONSTANT 0 (Int(1))
0081   45 OP_ADD
0082   45 OP_SET_LOCAL slot=11
0084   45 OP_POP
0085   45 OP_LOOP -> 0045
0088   45 OP_POP
0089   45 OP_POP
0090   45 OP_POP
0091   80 OP_GET_LOCAL slot=9
0093    0 OP_RETURN
